<html>
<body>
<pre>
<h1>µVision Build Log</h1>
<h2>Tool Versions:</h2>
IDE-Version: ¦ÌVision V5.27.0.0
Copyright (C) 2018 ARM Ltd and ARM Germany GmbH. All rights reserved.
License Information: a Microsoft, Microsoft, LIC=ATTQ1-CV1V5-NNXAF-6X8LH-VHYEM-8N89E
 
Tool Versions:
Toolchain:       MDK-ARM Plus  Version: 5.27.0.0
Toolchain Path:  C:\Keil_v5\ARM\ARMCC\Bin
C Compiler:      Armcc.exe V5.06 update 6 (build 750)
Assembler:       Armasm.exe V5.06 update 6 (build 750)
Linker/Locator:  ArmLink.exe V5.06 update 6 (build 750)
Library Manager: ArmAr.exe V5.06 update 6 (build 750)
Hex Converter:   FromElf.exe V5.06 update 6 (build 750)
CPU DLL:         SARMCM3.DLL V5.27.0.0
Dialog DLL:      DCM.DLL V1.17.2.0
Target DLL:      STLink\ST-LINKIII-KEIL_SWO.dll V3.0.5.0
Dialog DLL:      TCM.DLL V1.36.1.0
 
<h2>Project:</h2>
D:\project\code\stm32_code\sEMG_Control2\MDK-ARM\sEMG_Control_.uvprojx
Project File Date:  12/22/2020

<h2>Output:</h2>
*** Using Compiler 'V5.06 update 6 (build 750)', folder: 'C:\Keil_v5\ARM\ARMCC\Bin'
Build target 'sEMG_Control_'
compiling gpio.c...
compiling adc.c...
compiling main.c...
../Src/main.c(242): warning:  #177-D: variable "k"  was declared but never referenced
      for ( uint16_t i = 0, j = 0, k = 0, t; i < SUBDIVIDE  ; i++ )
../Src/main.c(242): warning:  #177-D: variable "t"  was declared but never referenced
      for ( uint16_t i = 0, j = 0, k = 0, t; i < SUBDIVIDE  ; i++ )
../Src/main.c(399): warning:  #940-D: missing return statement at end of non-void function "GetValue" 
  }
../Src/main.c(411): warning:  #188-D: enumerated type mixed with another type
              HAL_GPIO_WritePin ( LED_CHA_GPIO_Port, LED_CHA_Pin, !0U );
../Src/main.c(413): warning:  #188-D: enumerated type mixed with another type
              HAL_GPIO_WritePin ( LED_CHA_GPIO_Port, LED_CHA_Pin, 0U );
../Src/main.c(416): warning:  #188-D: enumerated type mixed with another type
              HAL_GPIO_WritePin ( LED_CHB_GPIO_Port, LED_CHB_Pin, !0U );
../Src/main.c(418): warning:  #188-D: enumerated type mixed with another type
              HAL_GPIO_WritePin ( LED_CHB_GPIO_Port, LED_CHB_Pin, 0U );
../Src/main.c(537): warning:  #188-D: enumerated type mixed with another type
          HAL_GPIO_WritePin ( LED_CHA_GPIO_Port, LED_CHA_Pin, 0U );
../Src/main.c(538): warning:  #188-D: enumerated type mixed with another type
          HAL_GPIO_WritePin ( LED_CHB_GPIO_Port, LED_CHB_Pin, 0U );
../Src/main.c(553): warning:  #188-D: enumerated type mixed with another type
                  HAL_GPIO_WritePin ( LED_CHA_GPIO_Port, LED_CHA_Pin, !0U );
../Src/main.c(556): warning:  #188-D: enumerated type mixed with another type
              HAL_GPIO_WritePin ( LED_CHB_GPIO_Port, LED_CHB_Pin, 0U );
../Src/main.c(563): warning:  #188-D: enumerated type mixed with another type
                  HAL_GPIO_WritePin ( LED_CHB_GPIO_Port, LED_CHB_Pin, !0U );
../Src/main.c(566): warning:  #188-D: enumerated type mixed with another type
              HAL_GPIO_WritePin ( LED_CHA_GPIO_Port, LED_CHA_Pin, 0U );
../Src/main.c: 13 warnings, 0 errors
compiling dma.c...
compiling tim.c...
compiling usart.c...
compiling stm32f1xx_it.c...
compiling stm32f1xx_hal_msp.c...
linking...
Program Size: Code=16096 RO-data=292 RW-data=96 ZI-data=2800  
FromELF: creating hex file...
".\sEMG_Control_\sEMG_Control_.axf" - 0 Error(s), 13 Warning(s).

<h2>Software Packages used:</h2>

Package Vendor: ARM
                http://www.keil.com/pack/ARM.CMSIS.5.4.0.pack
                ARM.CMSIS.5.4.0
                CMSIS (Cortex Microcontroller Software Interface Standard)
   * Component: CORE Version: 5.1.2

Package Vendor: Keil
                http://www.keil.com/pack/Keil.STM32F1xx_DFP.2.3.0.pack
                Keil.STM32F1xx_DFP.2.3.0
                STMicroelectronics STM32F1 Series Device Support, Drivers and Examples

<h2>Collection of Component include folders:</h2>
  .\RTE\_sEMG_Control_
  C:\Keil_v5\ARM\PACK\ARM\CMSIS\5.4.0\CMSIS\Core\Include
  C:\Keil_v5\ARM\PACK\Keil\STM32F1xx_DFP\2.3.0\Device\Include

<h2>Collection of Component Files used:</h2>

   * Component: ARM::CMSIS:CORE:5.1.2
Build Time Elapsed:  00:00:16
</pre>
</body>
</html>
